Component: ARM Compiler 5.06 update 6 (build 750) Tool: armlink [4d35ed]

==============================================================================

Section Cross References

    startup_hc32f4a0.o(RESET) refers to startup_hc32f4a0.o(STACK) for __initial_sp
    startup_hc32f4a0.o(RESET) refers to startup_hc32f4a0.o(.text) for Reset_Handler
    startup_hc32f4a0.o(.text) refers to system_hc32f4a0.o(i.SystemInit) for SystemInit
    startup_hc32f4a0.o(.text) refers to entry.o(.ARM.Collect$$$$00000000) for __main
    system_hc32f4a0.o(i.SystemCoreClockUpdate) refers to system_hc32f4a0.o(.bss.noinit) for HRC_VALUE
    system_hc32f4a0.o(i.SystemInit) refers to system_hc32f4a0.o(i.SystemCoreClockUpdate) for SystemCoreClockUpdate
    main.o(i.LED_Init) refers to hc32_ll_gpio.o(i.GPIO_StructInit) for GPIO_StructInit
    main.o(i.LED_Init) refers to hc32_ll_gpio.o(i.GPIO_Init) for GPIO_Init
    main.o(i.main) refers to hc32_ll.o(i.LL_PERIPH_WE) for LL_PERIPH_WE
    main.o(i.main) refers to main.o(i.LED_Init) for LED_Init
    main.o(i.main) refers to hc32_ll.o(i.LL_PERIPH_WP) for LL_PERIPH_WP
    main.o(i.main) refers to hc32_ll_gpio.o(i.GPIO_TogglePins) for GPIO_TogglePins
    main.o(i.main) refers to hc32_ll_utility.o(i.DDL_DelayMS) for DDL_DelayMS
    hc32_ll_gpio.o(i.GPIO_AnalogCmd) refers to hc32_ll_utility.o(i.DDL_AssertHandler) for DDL_AssertHandler
    hc32_ll_gpio.o(i.GPIO_DeInit) refers to hc32_ll_utility.o(i.DDL_AssertHandler) for DDL_AssertHandler
    hc32_ll_gpio.o(i.GPIO_DeInit) refers to hc32_ll_gpio.o(i.GPIO_StructInit) for GPIO_StructInit
    hc32_ll_gpio.o(i.GPIO_DeInit) refers to hc32_ll_gpio.o(i.GPIO_Init) for GPIO_Init
    hc32_ll_gpio.o(i.GPIO_DeInit) refers to hc32_ll_gpio.o(.constdata) for m_astcGpioPortPinTbl
    hc32_ll_gpio.o(i.GPIO_ExtIntCmd) refers to hc32_ll_utility.o(i.DDL_AssertHandler) for DDL_AssertHandler
    hc32_ll_gpio.o(i.GPIO_Init) refers to hc32_ll_utility.o(i.DDL_AssertHandler) for DDL_AssertHandler
    hc32_ll_gpio.o(i.GPIO_InputMOSCmd) refers to hc32_ll_utility.o(i.DDL_AssertHandler) for DDL_AssertHandler
    hc32_ll_gpio.o(i.GPIO_OutputCmd) refers to hc32_ll_utility.o(i.DDL_AssertHandler) for DDL_AssertHandler
    hc32_ll_gpio.o(i.GPIO_ReadInputPins) refers to hc32_ll_utility.o(i.DDL_AssertHandler) for DDL_AssertHandler
    hc32_ll_gpio.o(i.GPIO_ReadInputPort) refers to hc32_ll_utility.o(i.DDL_AssertHandler) for DDL_AssertHandler
    hc32_ll_gpio.o(i.GPIO_ReadOutputPins) refers to hc32_ll_utility.o(i.DDL_AssertHandler) for DDL_AssertHandler
    hc32_ll_gpio.o(i.GPIO_ReadOutputPort) refers to hc32_ll_utility.o(i.DDL_AssertHandler) for DDL_AssertHandler
    hc32_ll_gpio.o(i.GPIO_ResetPins) refers to hc32_ll_utility.o(i.DDL_AssertHandler) for DDL_AssertHandler
    hc32_ll_gpio.o(i.GPIO_SetDebugPort) refers to hc32_ll_utility.o(i.DDL_AssertHandler) for DDL_AssertHandler
    hc32_ll_gpio.o(i.GPIO_SetFunc) refers to hc32_ll_utility.o(i.DDL_AssertHandler) for DDL_AssertHandler
    hc32_ll_gpio.o(i.GPIO_SetPins) refers to hc32_ll_utility.o(i.DDL_AssertHandler) for DDL_AssertHandler
    hc32_ll_gpio.o(i.GPIO_SetReadWaitCycle) refers to hc32_ll_utility.o(i.DDL_AssertHandler) for DDL_AssertHandler
    hc32_ll_gpio.o(i.GPIO_SetSubFunc) refers to hc32_ll_utility.o(i.DDL_AssertHandler) for DDL_AssertHandler
    hc32_ll_gpio.o(i.GPIO_SubFuncCmd) refers to hc32_ll_utility.o(i.DDL_AssertHandler) for DDL_AssertHandler
    hc32_ll_gpio.o(i.GPIO_TogglePins) refers to hc32_ll_utility.o(i.DDL_AssertHandler) for DDL_AssertHandler
    hc32_ll_gpio.o(i.GPIO_WritePort) refers to hc32_ll_utility.o(i.DDL_AssertHandler) for DDL_AssertHandler
    hc32_ll_utility.o(i.DDL_DelayMS) refers to system_hc32f4a0.o(.bss.noinit) for SystemCoreClock
    hc32_ll_utility.o(i.DDL_DelayUS) refers to system_hc32f4a0.o(.bss.noinit) for SystemCoreClock
    hc32_ll_utility.o(i.SysTick_Delay) refers to hc32_ll_utility.o(i.SysTick_GetTick) for SysTick_GetTick
    hc32_ll_utility.o(i.SysTick_Delay) refers to hc32_ll_utility.o(.data) for m_u32TickStep
    hc32_ll_utility.o(i.SysTick_GetTick) refers to hc32_ll_utility.o(.data) for m_u32TickCount
    hc32_ll_utility.o(i.SysTick_IncTick) refers to hc32_ll_utility.o(.data) for m_u32TickCount
    hc32_ll_utility.o(i.SysTick_Init) refers to hc32_ll_utility.o(.data) for m_u32TickStep
    hc32_ll_utility.o(i.SysTick_Init) refers to system_hc32f4a0.o(.bss.noinit) for SystemCoreClock
    entry.o(.ARM.Collect$$$$00000000) refers (Special) to entry10a.o(.ARM.Collect$$$$0000000D) for __rt_final_cpp
    entry.o(.ARM.Collect$$$$00000000) refers (Special) to entry11a.o(.ARM.Collect$$$$0000000F) for __rt_final_exit
    entry.o(.ARM.Collect$$$$00000000) refers (Special) to entry7b.o(.ARM.Collect$$$$00000008) for _main_clock
    entry.o(.ARM.Collect$$$$00000000) refers (Special) to entry8b.o(.ARM.Collect$$$$0000000A) for _main_cpp_init
    entry.o(.ARM.Collect$$$$00000000) refers (Special) to entry9a.o(.ARM.Collect$$$$0000000B) for _main_init
    entry.o(.ARM.Collect$$$$00000000) refers (Special) to entry5.o(.ARM.Collect$$$$00000004) for _main_scatterload
    entry.o(.ARM.Collect$$$$00000000) refers (Special) to entry2.o(.ARM.Collect$$$$00000001) for _main_stk
    entry2.o(.ARM.Collect$$$$00000001) refers to entry2.o(.ARM.Collect$$$$00002712) for __lit__00000000
    entry2.o(.ARM.Collect$$$$00002712) refers to startup_hc32f4a0.o(STACK) for __initial_sp
    entry2.o(__vectab_stack_and_reset_area) refers to startup_hc32f4a0.o(STACK) for __initial_sp
    entry2.o(__vectab_stack_and_reset_area) refers to entry.o(.ARM.Collect$$$$00000000) for __main
    entry5.o(.ARM.Collect$$$$00000004) refers to init.o(.text) for __scatterload
    entry9a.o(.ARM.Collect$$$$0000000B) refers to main.o(i.main) for main
    entry9b.o(.ARM.Collect$$$$0000000C) refers to main.o(i.main) for main
    init.o(.text) refers to entry5.o(.ARM.Collect$$$$00000004) for __main_after_scatterload


==============================================================================

Removing Unused input sections from the image.

    Removing startup_hc32f4a0.o(HEAP), (8192 bytes).
    Removing system_hc32f4a0.o(.rev16_text), (4 bytes).
    Removing system_hc32f4a0.o(.revsh_text), (4 bytes).
    Removing system_hc32f4a0.o(.rrx_text), (6 bytes).
    Removing main.o(.rev16_text), (4 bytes).
    Removing main.o(.revsh_text), (4 bytes).
    Removing main.o(.rrx_text), (6 bytes).
    Removing hc32_ll.o(.rev16_text), (4 bytes).
    Removing hc32_ll.o(.revsh_text), (4 bytes).
    Removing hc32_ll.o(.rrx_text), (6 bytes).
    Removing hc32_ll_gpio.o(.rev16_text), (4 bytes).
    Removing hc32_ll_gpio.o(.revsh_text), (4 bytes).
    Removing hc32_ll_gpio.o(.rrx_text), (6 bytes).
    Removing hc32_ll_gpio.o(i.GPIO_AnalogCmd), (240 bytes).
    Removing hc32_ll_gpio.o(i.GPIO_DeInit), (164 bytes).
    Removing hc32_ll_gpio.o(i.GPIO_ExtIntCmd), (284 bytes).
    Removing hc32_ll_gpio.o(i.GPIO_InputMOSCmd), (216 bytes).
    Removing hc32_ll_gpio.o(i.GPIO_OutputCmd), (200 bytes).
    Removing hc32_ll_gpio.o(i.GPIO_ReadInputPins), (164 bytes).
    Removing hc32_ll_gpio.o(i.GPIO_ReadInputPort), (132 bytes).
    Removing hc32_ll_gpio.o(i.GPIO_ReadOutputPins), (164 bytes).
    Removing hc32_ll_gpio.o(i.GPIO_ReadOutputPort), (132 bytes).
    Removing hc32_ll_gpio.o(i.GPIO_ResetPins), (160 bytes).
    Removing hc32_ll_gpio.o(i.GPIO_SetDebugPort), (188 bytes).
    Removing hc32_ll_gpio.o(i.GPIO_SetFunc), (264 bytes).
    Removing hc32_ll_gpio.o(i.GPIO_SetPins), (160 bytes).
    Removing hc32_ll_gpio.o(i.GPIO_SetReadWaitCycle), (180 bytes).
    Removing hc32_ll_gpio.o(i.GPIO_SetSubFunc), (148 bytes).
    Removing hc32_ll_gpio.o(i.GPIO_SubFuncCmd), (240 bytes).
    Removing hc32_ll_gpio.o(i.GPIO_WritePort), (132 bytes).
    Removing hc32_ll_gpio.o(.constdata), (36 bytes).
    Removing hc32_ll_icg.o(.rev16_text), (4 bytes).
    Removing hc32_ll_icg.o(.revsh_text), (4 bytes).
    Removing hc32_ll_icg.o(.rrx_text), (6 bytes).
    Removing hc32_ll_utility.o(.rev16_text), (4 bytes).
    Removing hc32_ll_utility.o(.revsh_text), (4 bytes).
    Removing hc32_ll_utility.o(.rrx_text), (6 bytes).
    Removing hc32_ll_utility.o(i.DDL_DelayUS), (64 bytes).
    Removing hc32_ll_utility.o(i.SysTick_Delay), (76 bytes).
    Removing hc32_ll_utility.o(i.SysTick_GetTick), (12 bytes).
    Removing hc32_ll_utility.o(i.SysTick_IncTick), (24 bytes).
    Removing hc32_ll_utility.o(i.SysTick_Init), (144 bytes).
    Removing hc32_ll_utility.o(i.SysTick_Resume), (18 bytes).
    Removing hc32_ll_utility.o(i.SysTick_Suspend), (18 bytes).
    Removing hc32_ll_utility.o(.data), (8 bytes).

45 unused section(s) (total 11844 bytes) removed from the image.

==============================================================================

Image Symbol Table

    Local Symbols

    Symbol Name                              Value     Ov Type        Size  Object(Section)

    RESET                                    0x00000000   Section      640  startup_hc32f4a0.o(RESET)
    ../../../../../../drivers/cmsis/Device/HDSC/hc32f4xx/Source/system_hc32f4a0.c 0x00000000   Number         0  system_hc32f4a0.o ABSOLUTE
    ../../../../../../drivers/hc32_ll_driver/src/hc32_ll.c 0x00000000   Number         0  hc32_ll.o ABSOLUTE
    ../../../../../../drivers/hc32_ll_driver/src/hc32_ll_gpio.c 0x00000000   Number         0  hc32_ll_gpio.o ABSOLUTE
    ../../../../../../drivers/hc32_ll_driver/src/hc32_ll_icg.c 0x00000000   Number         0  hc32_ll_icg.o ABSOLUTE
    ../../../../../../drivers/hc32_ll_driver/src/hc32_ll_utility.c 0x00000000   Number         0  hc32_ll_utility.o ABSOLUTE
    ../clib/microlib/init/entry.s            0x00000000   Number         0  entry9b.o ABSOLUTE
    ../clib/microlib/init/entry.s            0x00000000   Number         0  entry10a.o ABSOLUTE
    ../clib/microlib/init/entry.s            0x00000000   Number         0  entry9a.o ABSOLUTE
    ../clib/microlib/init/entry.s            0x00000000   Number         0  entry.o ABSOLUTE
    ../clib/microlib/init/entry.s            0x00000000   Number         0  entry2.o ABSOLUTE
    ../clib/microlib/init/entry.s            0x00000000   Number         0  entry8b.o ABSOLUTE
    ../clib/microlib/init/entry.s            0x00000000   Number         0  entry8a.o ABSOLUTE
    ../clib/microlib/init/entry.s            0x00000000   Number         0  entry5.o ABSOLUTE
    ../clib/microlib/init/entry.s            0x00000000   Number         0  entry7b.o ABSOLUTE
    ../clib/microlib/init/entry.s            0x00000000   Number         0  entry7a.o ABSOLUTE
    ../clib/microlib/init/entry.s            0x00000000   Number         0  entry10b.o ABSOLUTE
    ../clib/microlib/init/entry.s            0x00000000   Number         0  entry11a.o ABSOLUTE
    ../clib/microlib/init/entry.s            0x00000000   Number         0  entry11b.o ABSOLUTE
    ..\..\..\..\..\..\drivers\cmsis\Device\HDSC\hc32f4xx\Source\system_hc32f4a0.c 0x00000000   Number         0  system_hc32f4a0.o ABSOLUTE
    ..\..\..\..\..\..\drivers\hc32_ll_driver\src\hc32_ll.c 0x00000000   Number         0  hc32_ll.o ABSOLUTE
    ..\..\..\..\..\..\drivers\hc32_ll_driver\src\hc32_ll_gpio.c 0x00000000   Number         0  hc32_ll_gpio.o ABSOLUTE
    ..\..\..\..\..\..\drivers\hc32_ll_driver\src\hc32_ll_icg.c 0x00000000   Number         0  hc32_ll_icg.o ABSOLUTE
    ..\..\..\..\..\..\drivers\hc32_ll_driver\src\hc32_ll_utility.c 0x00000000   Number         0  hc32_ll_utility.o ABSOLUTE
    ..\\source\\main.c                       0x00000000   Number         0  main.o ABSOLUTE
    ..\source\main.c                         0x00000000   Number         0  main.o ABSOLUTE
    dc.s                                     0x00000000   Number         0  dc.o ABSOLUTE
    handlers.s                               0x00000000   Number         0  handlers.o ABSOLUTE
    init.s                                   0x00000000   Number         0  init.o ABSOLUTE
    startup_hc32f4a0.s                       0x00000000   Number         0  startup_hc32f4a0.o ABSOLUTE
    .ARM.Collect$$$$00000000                 0x00000280   Section        0  entry.o(.ARM.Collect$$$$00000000)
    .ARM.Collect$$$$00000001                 0x00000280   Section        4  entry2.o(.ARM.Collect$$$$00000001)
    .ARM.Collect$$$$00000004                 0x00000284   Section        4  entry5.o(.ARM.Collect$$$$00000004)
    .ARM.Collect$$$$00000008                 0x00000288   Section        0  entry7b.o(.ARM.Collect$$$$00000008)
    .ARM.Collect$$$$0000000A                 0x00000288   Section        0  entry8b.o(.ARM.Collect$$$$0000000A)
    .ARM.Collect$$$$0000000B                 0x00000288   Section        8  entry9a.o(.ARM.Collect$$$$0000000B)
    .ARM.Collect$$$$0000000D                 0x00000290   Section        0  entry10a.o(.ARM.Collect$$$$0000000D)
    .ARM.Collect$$$$0000000F                 0x00000290   Section        0  entry11a.o(.ARM.Collect$$$$0000000F)
    .ARM.Collect$$$$00002712                 0x00000290   Section        4  entry2.o(.ARM.Collect$$$$00002712)
    __lit__00000000                          0x00000290   Data           4  entry2.o(.ARM.Collect$$$$00002712)
    .text                                    0x00000294   Section       48  startup_hc32f4a0.o(.text)
    .text                                    0x000002c4   Section       36  init.o(.text)
    i.DDL_AssertHandler                      0x000002e8   Section        0  hc32_ll_utility.o(i.DDL_AssertHandler)
    i.DDL_DelayMS                            0x000002ec   Section        0  hc32_ll_utility.o(i.DDL_DelayMS)
    i.GPIO_StructInit                        0x0000032c   Section        0  hc32_ll_gpio.o(i.GPIO_StructInit)
    i.GPIO_TogglePins                        0x00000350   Section        0  hc32_ll_gpio.o(i.GPIO_TogglePins)
    i.__scatterload_copy                     0x000003f0   Section       14  handlers.o(i.__scatterload_copy)
    i.__scatterload_null                     0x000003fe   Section        2  handlers.o(i.__scatterload_null)
    .ARM.__AT_0x00000400                     0x00000400   Section       96  hc32_ll_icg.o(.ARM.__AT_0x00000400)
    __tagsym$$used                           0x00000400   Number         0  hc32_ll_icg.o(.ARM.__AT_0x00000400)
    i.GPIO_Init                              0x00000460   Section        0  hc32_ll_gpio.o(i.GPIO_Init)
    i.LED_Init                               0x000006a4   Section        0  main.o(i.LED_Init)
    LED_Init                                 0x000006a5   Thumb Code    34  main.o(i.LED_Init)
    i.LL_PERIPH_WE                           0x000006c8   Section        0  hc32_ll.o(i.LL_PERIPH_WE)
    i.LL_PERIPH_WP                           0x000006e4   Section        0  hc32_ll.o(i.LL_PERIPH_WP)
    i.SystemCoreClockUpdate                  0x00000700   Section        0  system_hc32f4a0.o(i.SystemCoreClockUpdate)
    i.SystemInit                             0x000007c8   Section        0  system_hc32f4a0.o(i.SystemInit)
    i.__scatterload_zeroinit                 0x000007dc   Section       14  handlers.o(i.__scatterload_zeroinit)
    i.main                                   0x000007ea   Section        0  main.o(i.main)
    .bss.noinit                              0x1ffe0000   Section        8  system_hc32f4a0.o(.bss.noinit)
    STACK                                    0x1ffe0008   Section     8192  startup_hc32f4a0.o(STACK)

    Global Symbols

    Symbol Name                              Value     Ov Type        Size  Object(Section)

    BuildAttributes$$THM_ISAv4$E$P$D$K$B$S$7EM$PE$A:L22UL41UL21$X:L11$S22US41US21$IEEE1$IW$USESV6$~STKCKD$USESV7$~SHL$OSPACE$EBA8$MICROLIB$REQ8$PRES8$EABIv2 0x00000000   Number         0  anon$$obj.o ABSOLUTE
    __ARM_use_no_argv                        0x00000000   Number         0  main.o ABSOLUTE
    __Vectors                                0x00000000   Data           4  startup_hc32f4a0.o(RESET)
    __cpp_initialize__aeabi_                  - Undefined Weak Reference
    __cxa_finalize                            - Undefined Weak Reference
    __decompress                              - Undefined Weak Reference
    _clock_init                               - Undefined Weak Reference
    _microlib_exit                            - Undefined Weak Reference
    __Vectors_End                            0x00000280   Data           0  startup_hc32f4a0.o(RESET)
    __Vectors_Size                           0x00000280   Number         0  startup_hc32f4a0.o ABSOLUTE
    __main                                   0x00000281   Thumb Code     0  entry.o(.ARM.Collect$$$$00000000)
    _main_stk                                0x00000281   Thumb Code     0  entry2.o(.ARM.Collect$$$$00000001)
    _main_scatterload                        0x00000285   Thumb Code     0  entry5.o(.ARM.Collect$$$$00000004)
    __main_after_scatterload                 0x00000289   Thumb Code     0  entry5.o(.ARM.Collect$$$$00000004)
    _main_clock                              0x00000289   Thumb Code     0  entry7b.o(.ARM.Collect$$$$00000008)
    _main_cpp_init                           0x00000289   Thumb Code     0  entry8b.o(.ARM.Collect$$$$0000000A)
    _main_init                               0x00000289   Thumb Code     0  entry9a.o(.ARM.Collect$$$$0000000B)
    __rt_final_cpp                           0x00000291   Thumb Code     0  entry10a.o(.ARM.Collect$$$$0000000D)
    __rt_final_exit                          0x00000291   Thumb Code     0  entry11a.o(.ARM.Collect$$$$0000000F)
    Reset_Handler                            0x00000295   Thumb Code    16  startup_hc32f4a0.o(.text)
    NMI_Handler                              0x000002a5   Thumb Code     2  startup_hc32f4a0.o(.text)
    HardFault_Handler                        0x000002a7   Thumb Code     2  startup_hc32f4a0.o(.text)
    MemManage_Handler                        0x000002a9   Thumb Code     2  startup_hc32f4a0.o(.text)
    BusFault_Handler                         0x000002ab   Thumb Code     2  startup_hc32f4a0.o(.text)
    UsageFault_Handler                       0x000002ad   Thumb Code     2  startup_hc32f4a0.o(.text)
    SVC_Handler                              0x000002af   Thumb Code     2  startup_hc32f4a0.o(.text)
    DebugMon_Handler                         0x000002b1   Thumb Code     2  startup_hc32f4a0.o(.text)
    PendSV_Handler                           0x000002b3   Thumb Code     2  startup_hc32f4a0.o(.text)
    SysTick_Handler                          0x000002b5   Thumb Code     2  startup_hc32f4a0.o(.text)
    IRQ000_Handler                           0x000002b7   Thumb Code     0  startup_hc32f4a0.o(.text)
    IRQ001_Handler                           0x000002b7   Thumb Code     0  startup_hc32f4a0.o(.text)
    IRQ002_Handler                           0x000002b7   Thumb Code     0  startup_hc32f4a0.o(.text)
    IRQ003_Handler                           0x000002b7   Thumb Code     0  startup_hc32f4a0.o(.text)
    IRQ004_Handler                           0x000002b7   Thumb Code     0  startup_hc32f4a0.o(.text)
    IRQ005_Handler                           0x000002b7   Thumb Code     0  startup_hc32f4a0.o(.text)
    IRQ006_Handler                           0x000002b7   Thumb Code     0  startup_hc32f4a0.o(.text)
    IRQ007_Handler                           0x000002b7   Thumb Code     0  startup_hc32f4a0.o(.text)
    IRQ008_Handler                           0x000002b7   Thumb Code     0  startup_hc32f4a0.o(.text)
    IRQ009_Handler                           0x000002b7   Thumb Code     0  startup_hc32f4a0.o(.text)
    IRQ010_Handler                           0x000002b7   Thumb Code     0  startup_hc32f4a0.o(.text)
    IRQ011_Handler                           0x000002b7   Thumb Code     0  startup_hc32f4a0.o(.text)
    IRQ012_Handler                           0x000002b7   Thumb Code     0  startup_hc32f4a0.o(.text)
    IRQ013_Handler                           0x000002b7   Thumb Code     0  startup_hc32f4a0.o(.text)
    IRQ014_Handler                           0x000002b7   Thumb Code     0  startup_hc32f4a0.o(.text)
    IRQ015_Handler                           0x000002b7   Thumb Code     0  startup_hc32f4a0.o(.text)
    IRQ016_Handler                           0x000002b7   Thumb Code     0  startup_hc32f4a0.o(.text)
    IRQ017_Handler                           0x000002b7   Thumb Code     0  startup_hc32f4a0.o(.text)
    IRQ018_Handler                           0x000002b7   Thumb Code     0  startup_hc32f4a0.o(.text)
    IRQ019_Handler                           0x000002b7   Thumb Code     0  startup_hc32f4a0.o(.text)
    IRQ020_Handler                           0x000002b7   Thumb Code     0  startup_hc32f4a0.o(.text)
    IRQ021_Handler                           0x000002b7   Thumb Code     0  startup_hc32f4a0.o(.text)
    IRQ022_Handler                           0x000002b7   Thumb Code     0  startup_hc32f4a0.o(.text)
    IRQ023_Handler                           0x000002b7   Thumb Code     0  startup_hc32f4a0.o(.text)
    IRQ024_Handler                           0x000002b7   Thumb Code     0  startup_hc32f4a0.o(.text)
    IRQ025_Handler                           0x000002b7   Thumb Code     0  startup_hc32f4a0.o(.text)
    IRQ026_Handler                           0x000002b7   Thumb Code     0  startup_hc32f4a0.o(.text)
    IRQ027_Handler                           0x000002b7   Thumb Code     0  startup_hc32f4a0.o(.text)
    IRQ028_Handler                           0x000002b7   Thumb Code     0  startup_hc32f4a0.o(.text)
    IRQ029_Handler                           0x000002b7   Thumb Code     0  startup_hc32f4a0.o(.text)
    IRQ030_Handler                           0x000002b7   Thumb Code     0  startup_hc32f4a0.o(.text)
    IRQ031_Handler                           0x000002b7   Thumb Code     0  startup_hc32f4a0.o(.text)
    IRQ032_Handler                           0x000002b7   Thumb Code     0  startup_hc32f4a0.o(.text)
    IRQ033_Handler                           0x000002b7   Thumb Code     0  startup_hc32f4a0.o(.text)
    IRQ034_Handler                           0x000002b7   Thumb Code     0  startup_hc32f4a0.o(.text)
    IRQ035_Handler                           0x000002b7   Thumb Code     0  startup_hc32f4a0.o(.text)
    IRQ036_Handler                           0x000002b7   Thumb Code     0  startup_hc32f4a0.o(.text)
    IRQ037_Handler                           0x000002b7   Thumb Code     0  startup_hc32f4a0.o(.text)
    IRQ038_Handler                           0x000002b7   Thumb Code     0  startup_hc32f4a0.o(.text)
    IRQ039_Handler                           0x000002b7   Thumb Code     0  startup_hc32f4a0.o(.text)
    IRQ040_Handler                           0x000002b7   Thumb Code     0  startup_hc32f4a0.o(.text)
    IRQ041_Handler                           0x000002b7   Thumb Code     0  startup_hc32f4a0.o(.text)
    IRQ042_Handler                           0x000002b7   Thumb Code     0  startup_hc32f4a0.o(.text)
    IRQ043_Handler                           0x000002b7   Thumb Code     0  startup_hc32f4a0.o(.text)
    IRQ044_Handler                           0x000002b7   Thumb Code     0  startup_hc32f4a0.o(.text)
    IRQ045_Handler                           0x000002b7   Thumb Code     0  startup_hc32f4a0.o(.text)
    IRQ046_Handler                           0x000002b7   Thumb Code     0  startup_hc32f4a0.o(.text)
    IRQ047_Handler                           0x000002b7   Thumb Code     0  startup_hc32f4a0.o(.text)
    IRQ048_Handler                           0x000002b7   Thumb Code     0  startup_hc32f4a0.o(.text)
    IRQ049_Handler                           0x000002b7   Thumb Code     0  startup_hc32f4a0.o(.text)
    IRQ050_Handler                           0x000002b7   Thumb Code     0  startup_hc32f4a0.o(.text)
    IRQ051_Handler                           0x000002b7   Thumb Code     0  startup_hc32f4a0.o(.text)
    IRQ052_Handler                           0x000002b7   Thumb Code     0  startup_hc32f4a0.o(.text)
    IRQ053_Handler                           0x000002b7   Thumb Code     0  startup_hc32f4a0.o(.text)
    IRQ054_Handler                           0x000002b7   Thumb Code     0  startup_hc32f4a0.o(.text)
    IRQ055_Handler                           0x000002b7   Thumb Code     0  startup_hc32f4a0.o(.text)
    IRQ056_Handler                           0x000002b7   Thumb Code     0  startup_hc32f4a0.o(.text)
    IRQ057_Handler                           0x000002b7   Thumb Code     0  startup_hc32f4a0.o(.text)
    IRQ058_Handler                           0x000002b7   Thumb Code     0  startup_hc32f4a0.o(.text)
    IRQ059_Handler                           0x000002b7   Thumb Code     0  startup_hc32f4a0.o(.text)
    IRQ060_Handler                           0x000002b7   Thumb Code     0  startup_hc32f4a0.o(.text)
    IRQ061_Handler                           0x000002b7   Thumb Code     0  startup_hc32f4a0.o(.text)
    IRQ062_Handler                           0x000002b7   Thumb Code     0  startup_hc32f4a0.o(.text)
    IRQ063_Handler                           0x000002b7   Thumb Code     0  startup_hc32f4a0.o(.text)
    IRQ064_Handler                           0x000002b7   Thumb Code     0  startup_hc32f4a0.o(.text)
    IRQ065_Handler                           0x000002b7   Thumb Code     0  startup_hc32f4a0.o(.text)
    IRQ066_Handler                           0x000002b7   Thumb Code     0  startup_hc32f4a0.o(.text)
    IRQ067_Handler                           0x000002b7   Thumb Code     0  startup_hc32f4a0.o(.text)
    IRQ068_Handler                           0x000002b7   Thumb Code     0  startup_hc32f4a0.o(.text)
    IRQ069_Handler                           0x000002b7   Thumb Code     0  startup_hc32f4a0.o(.text)
    IRQ070_Handler                           0x000002b7   Thumb Code     0  startup_hc32f4a0.o(.text)
    IRQ071_Handler                           0x000002b7   Thumb Code     0  startup_hc32f4a0.o(.text)
    IRQ072_Handler                           0x000002b7   Thumb Code     0  startup_hc32f4a0.o(.text)
    IRQ073_Handler                           0x000002b7   Thumb Code     0  startup_hc32f4a0.o(.text)
    IRQ074_Handler                           0x000002b7   Thumb Code     0  startup_hc32f4a0.o(.text)
    IRQ075_Handler                           0x000002b7   Thumb Code     0  startup_hc32f4a0.o(.text)
    IRQ076_Handler                           0x000002b7   Thumb Code     0  startup_hc32f4a0.o(.text)
    IRQ077_Handler                           0x000002b7   Thumb Code     0  startup_hc32f4a0.o(.text)
    IRQ078_Handler                           0x000002b7   Thumb Code     0  startup_hc32f4a0.o(.text)
    IRQ079_Handler                           0x000002b7   Thumb Code     0  startup_hc32f4a0.o(.text)
    IRQ080_Handler                           0x000002b7   Thumb Code     0  startup_hc32f4a0.o(.text)
    IRQ081_Handler                           0x000002b7   Thumb Code     0  startup_hc32f4a0.o(.text)
    IRQ082_Handler                           0x000002b7   Thumb Code     0  startup_hc32f4a0.o(.text)
    IRQ083_Handler                           0x000002b7   Thumb Code     0  startup_hc32f4a0.o(.text)
    IRQ084_Handler                           0x000002b7   Thumb Code     0  startup_hc32f4a0.o(.text)
    IRQ085_Handler                           0x000002b7   Thumb Code     0  startup_hc32f4a0.o(.text)
    IRQ086_Handler                           0x000002b7   Thumb Code     0  startup_hc32f4a0.o(.text)
    IRQ087_Handler                           0x000002b7   Thumb Code     0  startup_hc32f4a0.o(.text)
    IRQ088_Handler                           0x000002b7   Thumb Code     0  startup_hc32f4a0.o(.text)
    IRQ089_Handler                           0x000002b7   Thumb Code     0  startup_hc32f4a0.o(.text)
    IRQ090_Handler                           0x000002b7   Thumb Code     0  startup_hc32f4a0.o(.text)
    IRQ091_Handler                           0x000002b7   Thumb Code     0  startup_hc32f4a0.o(.text)
    IRQ092_Handler                           0x000002b7   Thumb Code     0  startup_hc32f4a0.o(.text)
    IRQ093_Handler                           0x000002b7   Thumb Code     0  startup_hc32f4a0.o(.text)
    IRQ094_Handler                           0x000002b7   Thumb Code     0  startup_hc32f4a0.o(.text)
    IRQ095_Handler                           0x000002b7   Thumb Code     0  startup_hc32f4a0.o(.text)
    IRQ096_Handler                           0x000002b7   Thumb Code     0  startup_hc32f4a0.o(.text)
    IRQ097_Handler                           0x000002b7   Thumb Code     0  startup_hc32f4a0.o(.text)
    IRQ098_Handler                           0x000002b7   Thumb Code     0  startup_hc32f4a0.o(.text)
    IRQ099_Handler                           0x000002b7   Thumb Code     0  startup_hc32f4a0.o(.text)
    IRQ100_Handler                           0x000002b7   Thumb Code     0  startup_hc32f4a0.o(.text)
    IRQ101_Handler                           0x000002b7   Thumb Code     0  startup_hc32f4a0.o(.text)
    IRQ102_Handler                           0x000002b7   Thumb Code     0  startup_hc32f4a0.o(.text)
    IRQ103_Handler                           0x000002b7   Thumb Code     0  startup_hc32f4a0.o(.text)
    IRQ104_Handler                           0x000002b7   Thumb Code     0  startup_hc32f4a0.o(.text)
    IRQ105_Handler                           0x000002b7   Thumb Code     0  startup_hc32f4a0.o(.text)
    IRQ106_Handler                           0x000002b7   Thumb Code     0  startup_hc32f4a0.o(.text)
    IRQ107_Handler                           0x000002b7   Thumb Code     0  startup_hc32f4a0.o(.text)
    IRQ108_Handler                           0x000002b7   Thumb Code     0  startup_hc32f4a0.o(.text)
    IRQ109_Handler                           0x000002b7   Thumb Code     0  startup_hc32f4a0.o(.text)
    IRQ110_Handler                           0x000002b7   Thumb Code     0  startup_hc32f4a0.o(.text)
    IRQ111_Handler                           0x000002b7   Thumb Code     0  startup_hc32f4a0.o(.text)
    IRQ112_Handler                           0x000002b7   Thumb Code     0  startup_hc32f4a0.o(.text)
    IRQ113_Handler                           0x000002b7   Thumb Code     0  startup_hc32f4a0.o(.text)
    IRQ114_Handler                           0x000002b7   Thumb Code     0  startup_hc32f4a0.o(.text)
    IRQ115_Handler                           0x000002b7   Thumb Code     0  startup_hc32f4a0.o(.text)
    IRQ116_Handler                           0x000002b7   Thumb Code     0  startup_hc32f4a0.o(.text)
    IRQ117_Handler                           0x000002b7   Thumb Code     0  startup_hc32f4a0.o(.text)
    IRQ118_Handler                           0x000002b7   Thumb Code     0  startup_hc32f4a0.o(.text)
    IRQ119_Handler                           0x000002b7   Thumb Code     0  startup_hc32f4a0.o(.text)
    IRQ120_Handler                           0x000002b7   Thumb Code     0  startup_hc32f4a0.o(.text)
    IRQ121_Handler                           0x000002b7   Thumb Code     0  startup_hc32f4a0.o(.text)
    IRQ122_Handler                           0x000002b7   Thumb Code     0  startup_hc32f4a0.o(.text)
    IRQ123_Handler                           0x000002b7   Thumb Code     0  startup_hc32f4a0.o(.text)
    IRQ124_Handler                           0x000002b7   Thumb Code     0  startup_hc32f4a0.o(.text)
    IRQ125_Handler                           0x000002b7   Thumb Code     0  startup_hc32f4a0.o(.text)
    IRQ126_Handler                           0x000002b7   Thumb Code     0  startup_hc32f4a0.o(.text)
    IRQ127_Handler                           0x000002b7   Thumb Code     0  startup_hc32f4a0.o(.text)
    IRQ128_Handler                           0x000002b7   Thumb Code     0  startup_hc32f4a0.o(.text)
    IRQ129_Handler                           0x000002b7   Thumb Code     0  startup_hc32f4a0.o(.text)
    IRQ130_Handler                           0x000002b7   Thumb Code     0  startup_hc32f4a0.o(.text)
    IRQ131_Handler                           0x000002b7   Thumb Code     0  startup_hc32f4a0.o(.text)
    IRQ132_Handler                           0x000002b7   Thumb Code     0  startup_hc32f4a0.o(.text)
    IRQ133_Handler                           0x000002b7   Thumb Code     0  startup_hc32f4a0.o(.text)
    IRQ134_Handler                           0x000002b7   Thumb Code     0  startup_hc32f4a0.o(.text)
    IRQ135_Handler                           0x000002b7   Thumb Code     0  startup_hc32f4a0.o(.text)
    IRQ136_Handler                           0x000002b7   Thumb Code     0  startup_hc32f4a0.o(.text)
    IRQ137_Handler                           0x000002b7   Thumb Code     0  startup_hc32f4a0.o(.text)
    IRQ138_Handler                           0x000002b7   Thumb Code     0  startup_hc32f4a0.o(.text)
    IRQ139_Handler                           0x000002b7   Thumb Code     0  startup_hc32f4a0.o(.text)
    IRQ140_Handler                           0x000002b7   Thumb Code     0  startup_hc32f4a0.o(.text)
    IRQ141_Handler                           0x000002b7   Thumb Code     0  startup_hc32f4a0.o(.text)
    IRQ142_Handler                           0x000002b7   Thumb Code     0  startup_hc32f4a0.o(.text)
    IRQ143_Handler                           0x000002b7   Thumb Code     0  startup_hc32f4a0.o(.text)
    __scatterload                            0x000002c5   Thumb Code    28  init.o(.text)
    __scatterload_rt2                        0x000002c5   Thumb Code     0  init.o(.text)
    DDL_AssertHandler                        0x000002e9   Thumb Code     4  hc32_ll_utility.o(i.DDL_AssertHandler)
    DDL_DelayMS                              0x000002ed   Thumb Code    54  hc32_ll_utility.o(i.DDL_DelayMS)
    GPIO_StructInit                          0x0000032d   Thumb Code    34  hc32_ll_gpio.o(i.GPIO_StructInit)
    GPIO_TogglePins                          0x00000351   Thumb Code    94  hc32_ll_gpio.o(i.GPIO_TogglePins)
    __scatterload_copy                       0x000003f1   Thumb Code    14  handlers.o(i.__scatterload_copy)
    __scatterload_null                       0x000003ff   Thumb Code     2  handlers.o(i.__scatterload_null)
    u32ICGValue                              0x00000400   Data          96  hc32_ll_icg.o(.ARM.__AT_0x00000400)
    GPIO_Init                                0x00000461   Thumb Code   514  hc32_ll_gpio.o(i.GPIO_Init)
    LL_PERIPH_WE                             0x000006c9   Thumb Code    22  hc32_ll.o(i.LL_PERIPH_WE)
    LL_PERIPH_WP                             0x000006e5   Thumb Code    22  hc32_ll.o(i.LL_PERIPH_WP)
    SystemCoreClockUpdate                    0x00000701   Thumb Code   166  system_hc32f4a0.o(i.SystemCoreClockUpdate)
    SystemInit                               0x000007c9   Thumb Code    14  system_hc32f4a0.o(i.SystemInit)
    __scatterload_zeroinit                   0x000007dd   Thumb Code    14  handlers.o(i.__scatterload_zeroinit)
    main                                     0x000007eb   Thumb Code    38  main.o(i.main)
    Region$$Table$$Base                      0x00000810   Number         0  anon$$obj.o(Region$$Table)
    Region$$Table$$Limit                     0x00000820   Number         0  anon$$obj.o(Region$$Table)
    SystemCoreClock                          0x1ffe0000   Data           4  system_hc32f4a0.o(.bss.noinit)
    HRC_VALUE                                0x1ffe0004   Data           4  system_hc32f4a0.o(.bss.noinit)
    __initial_sp                             0x1ffe2008   Data           0  startup_hc32f4a0.o(STACK)



==============================================================================

Memory Map of the image

  Image Entry point : 0x00000281

  Load Region LR_IROM1 (Base: 0x00000000, Size: 0x00000820, Max: 0x00200000, ABSOLUTE)

    Execution Region ER_IROM1 (Exec base: 0x00000000, Load base: 0x00000000, Size: 0x00000820, Max: 0x00200000, ABSOLUTE)

    Exec Addr    Load Addr    Size         Type   Attr      Idx    E Section Name        Object

    0x00000000   0x00000000   0x00000280   Data   RO            3    RESET               startup_hc32f4a0.o
    0x00000280   0x00000280   0x00000000   Code   RO          401  * .ARM.Collect$$$$00000000  mc_w.l(entry.o)
    0x00000280   0x00000280   0x00000004   Code   RO          404    .ARM.Collect$$$$00000001  mc_w.l(entry2.o)
    0x00000284   0x00000284   0x00000004   Code   RO          407    .ARM.Collect$$$$00000004  mc_w.l(entry5.o)
    0x00000288   0x00000288   0x00000000   Code   RO          409    .ARM.Collect$$$$00000008  mc_w.l(entry7b.o)
    0x00000288   0x00000288   0x00000000   Code   RO          411    .ARM.Collect$$$$0000000A  mc_w.l(entry8b.o)
    0x00000288   0x00000288   0x00000008   Code   RO          412    .ARM.Collect$$$$0000000B  mc_w.l(entry9a.o)
    0x00000290   0x00000290   0x00000000   Code   RO          414    .ARM.Collect$$$$0000000D  mc_w.l(entry10a.o)
    0x00000290   0x00000290   0x00000000   Code   RO          416    .ARM.Collect$$$$0000000F  mc_w.l(entry11a.o)
    0x00000290   0x00000290   0x00000004   Code   RO          405    .ARM.Collect$$$$00002712  mc_w.l(entry2.o)
    0x00000294   0x00000294   0x00000030   Code   RO            4    .text               startup_hc32f4a0.o
    0x000002c4   0x000002c4   0x00000024   Code   RO          418    .text               mc_w.l(init.o)
    0x000002e8   0x000002e8   0x00000004   Code   RO          326    i.DDL_AssertHandler  hc32_ll_utility.o
    0x000002ec   0x000002ec   0x00000040   Code   RO          327    i.DDL_DelayMS       hc32_ll_utility.o
    0x0000032c   0x0000032c   0x00000022   Code   RO          181    i.GPIO_StructInit   hc32_ll_gpio.o
    0x0000034e   0x0000034e   0x00000002   PAD
    0x00000350   0x00000350   0x000000a0   Code   RO          183    i.GPIO_TogglePins   hc32_ll_gpio.o
    0x000003f0   0x000003f0   0x0000000e   Code   RO          422    i.__scatterload_copy  mc_w.l(handlers.o)
    0x000003fe   0x000003fe   0x00000002   Code   RO          423    i.__scatterload_null  mc_w.l(handlers.o)
    0x00000400   0x00000400   0x00000060   Data   RO          305    .ARM.__AT_0x00000400  hc32_ll_icg.o
    0x00000460   0x00000460   0x00000244   Code   RO          168    i.GPIO_Init         hc32_ll_gpio.o
    0x000006a4   0x000006a4   0x00000022   Code   RO           84    i.LED_Init          main.o
    0x000006c6   0x000006c6   0x00000002   PAD
    0x000006c8   0x000006c8   0x0000001c   Code   RO          132    i.LL_PERIPH_WE      hc32_ll.o
    0x000006e4   0x000006e4   0x0000001c   Code   RO          133    i.LL_PERIPH_WP      hc32_ll.o
    0x00000700   0x00000700   0x000000c8   Code   RO           13    i.SystemCoreClockUpdate  system_hc32f4a0.o
    0x000007c8   0x000007c8   0x00000014   Code   RO           14    i.SystemInit        system_hc32f4a0.o
    0x000007dc   0x000007dc   0x0000000e   Code   RO          424    i.__scatterload_zeroinit  mc_w.l(handlers.o)
    0x000007ea   0x000007ea   0x00000026   Code   RO           85    i.main              main.o
    0x00000810   0x00000810   0x00000010   Data   RO          420    Region$$Table       anon$$obj.o


    Execution Region RW_IRAM1 (Exec base: 0x1ffe0000, Load base: 0x00000820, Size: 0x00000008, Max: 0x00000008, ABSOLUTE, UNINIT)

    Exec Addr    Load Addr    Size         Type   Attr      Idx    E Section Name        Object

    0x1ffe0000        -       0x00000008   Zero   RW           15    .bss.noinit         system_hc32f4a0.o


    Execution Region RW_IRAM2 (Exec base: 0x1ffe0008, Load base: 0x00000820, Size: 0x00002000, Max: 0x0007fff8, ABSOLUTE)

    Exec Addr    Load Addr    Size         Type   Attr      Idx    E Section Name        Object

    0x1ffe0008        -       0x00002000   Zero   RW            1    STACK               startup_hc32f4a0.o


    Execution Region RW_IRAMB (Exec base: 0x200f0000, Load base: 0x00000820, Size: 0x00000000, Max: 0x00001000, ABSOLUTE)

    **** No section assigned to this execution region ****


==============================================================================

Image component sizes


      Code (inc. data)   RO Data    RW Data    ZI Data      Debug   Object Name

        56         12          0          0          0       5670   hc32_ll.o
       774        132          0          0          0       6228   hc32_ll_gpio.o
         0          0         96          0          0        858   hc32_ll_icg.o
        68         10          0          0          0       1786   hc32_ll_utility.o
        72          0          0          0          0       5279   main.o
        48         12        640          0       8192        864   startup_hc32f4a0.o
       220         46          0          0          8       6341   system_hc32f4a0.o

    ----------------------------------------------------------------------
      1242        212        752          0       8200      27026   Object Totals
         0          0         16          0          0          0   (incl. Generated)
         4          0          0          0          0          0   (incl. Padding)

    ----------------------------------------------------------------------

      Code (inc. data)   RO Data    RW Data    ZI Data      Debug   Library Member Name

         0          0          0          0          0          0   entry.o
         0          0          0          0          0          0   entry10a.o
         0          0          0          0          0          0   entry11a.o
         8          4          0          0          0          0   entry2.o
         4          0          0          0          0          0   entry5.o
         0          0          0          0          0          0   entry7b.o
         0          0          0          0          0          0   entry8b.o
         8          4          0          0          0          0   entry9a.o
        30          0          0          0          0          0   handlers.o
        36          8          0          0          0         68   init.o

    ----------------------------------------------------------------------
        86         16          0          0          0         68   Library Totals
         0          0          0          0          0          0   (incl. Padding)

    ----------------------------------------------------------------------

      Code (inc. data)   RO Data    RW Data    ZI Data      Debug   Library Name

        86         16          0          0          0         68   mc_w.l

    ----------------------------------------------------------------------
        86         16          0          0          0         68   Library Totals

    ----------------------------------------------------------------------

==============================================================================


      Code (inc. data)   RO Data    RW Data    ZI Data      Debug   

      1328        228        752          0       8200      26778   Grand Totals
      1328        228        752          0       8200      26778   ELF Image Totals
      1328        228        752          0          0          0   ROM Totals

==============================================================================

    Total RO  Size (Code + RO Data)                 2080 (   2.03kB)
    Total RW  Size (RW Data + ZI Data)              8200 (   8.01kB)
    Total ROM Size (Code + RO Data + RW Data)       2080 (   2.03kB)

==============================================================================

