<html>
<body>
<pre>
<h1>µVision Build Log</h1>
<h2>Tool Versions:</h2>
IDE-Version: ¦ÌVision V5.26.2.0
Copyright (C) 2018 ARM Ltd and ARM Germany GmbH. All rights reserved.
License Information: a liu, aaaalll, LIC=14HV2-9MG9T-BSXYX-H8G7Q-SJ4CH-UL68N
 
Tool Versions:
Toolchain:       MDK-ARM Plus  Version: 5.26.2.0
Toolchain Path:  C:\Keil_v5\ARM\ARMCC\Bin
C Compiler:      Armcc.exe V5.06 update 6 (build 750)
Assembler:       Armasm.exe V5.06 update 6 (build 750)
Linker/Locator:  ArmLink.exe V5.06 update 6 (build 750)
Library Manager: ArmAr.exe V5.06 update 6 (build 750)
Hex Converter:   FromElf.exe V5.06 update 6 (build 750)
CPU DLL:         SARMCM3.DLL V5.26.2.0
Dialog DLL:      DCM.DLL V1.17.2.0
Target DLL:      Segger\JL2CM3.dll V2.99.31.0
Dialog DLL:      TCM.DLL V1.36.1.0
 
<h2>Project:</h2>
D:\projects\Electronic\Software\app\H32F4A0\HC32F4A0_DDL_Rev2.4.0\projects\ev_hc32f4a0_lqfp176\examples\gpio\gpio_output\MDK\gpio_output.uvprojx
Project File Date:  01/09/2026

<h2>Output:</h2>
*** Using Compiler 'V5.06 update 6 (build 750)', folder: 'C:\Keil_v5\ARM\ARMCC\Bin'
Build target 'gpio_output_Debug'
compiling system_hc32f4a0.c...
linking...
Program Size: Code=1328 RO-data=752 RW-data=0 ZI-data=8200  
FromELF: creating hex file...
".\output\debug\gpio_output.axf" - 0 Error(s), 0 Warning(s).

<h2>Software Packages used:</h2>

Package Vendor: HDSC
                https://raw.githubusercontent.com/hdscmcu/pack/master/HDSC.HC32F4A0.1.0.9.pack
                HDSC.HC32F4A0.1.0.9
                HC32F4A0 ARM Cortex-M4 Device Family Pack

<h2>Collection of Component include folders:</h2>
  .\RTE\_gpio_output_Debug
  C:\Keil_v5\ARM\PACK\HDSC\HC32F4A0\1.0.9\Device\Include

<h2>Collection of Component Files used:</h2>
Build Time Elapsed:  00:00:01
</pre>
</body>
</html>
